// Jest Snapshot v1, https://goo.gl/fbAQLP

exports[`Prueba en AddCategory debe de mostrarse correctamente 1`] = `
<form
  onSubmit={[Function]}
>
  <p>
    Buscar: 
  </p>
  <input
    onChange={[Function]}
    type="text"
    value=""
  />
</form>
`;
