// Jest Snapshot v1, https://goo.gl/fbAQLP

exports[`Prueba de GifGridItem debe mostrar el componente correctamente 1`] = `
<div
  className="animate__animated animate__bounce card"
>
  <img
    alt="un titulo"
    src="https://localhost/imagen.jpg"
  />
  <p>
     
    un titulo
  </p>
</div>
`;
