// Jest Snapshot v1, https://goo.gl/fbAQLP

exports[`Prueba en GifGrid debe de mostrarse correctamente GifGrid 1`] = `
<Fragment>
  <h3
    className="animate__animated animate__fadeIn"
  >
    autos
  </h3>
  <p
    className="animate__animated flash"
  >
    Loading...
  </p>
  <div
    className="card-grid"
  />
</Fragment>
`;
